
     Program PWSCF v.7.2 starts on 21Jun2024 at 15:29:30 

     This program is part of the open-source Quantum ESPRESSO suite
     for quantum simulation of materials; please cite
         "P. Giannozzi et al., J. Phys.:Condens. Matter 21 395502 (2009);
         "P. Giannozzi et al., J. Phys.:Condens. Matter 29 465901 (2017);
         "P. Giannozzi et al., J. Chem. Phys. 152 154105 (2020);
          URL http://www.quantum-espresso.org", 
     in publications or presentations arising from this work. More details at
     http://www.quantum-espresso.org/quote

     Parallel version (MPI), running on  1120 processors

     MPI processes distributed on    10 nodes
     229820 MiB available memory on the printing compute node when the environment starts
 
     Waiting for input...
     Reading input from standard input

     Current dimensions of program PWSCF are:
     Max number of different atomic species (ntypx) = 10
     Max number of k-points (npk) =  40000
     Max angular momentum in pseudopotentials (lmaxx) =  4
     file S.pbe-n-kjpaw_psl.1.0.0.UPF: wavefunction(s)  3S 3P renormalized
     file Zn.pbe-dnl-kjpaw_psl.1.0.0.UPF: wavefunction(s)  4S 3D renormalized
     file Cu.pbe-spn-kjpaw_psl.1.0.0.UPF: wavefunction(s)  4S 3P 3D renormalized
     Message from routine set_cutoff:
     ecutrho < 4*ecutwfc, are you sure?
 
     K-points division:     npool     =      10
     R & G space division:  proc/nbgrp/npool/nimage =     112
     Subspace diagonalization in iterative solution of the eigenvalue problem:
     one sub-group per band group will be used
     scalapack distributed-memory algorithm (size of sub-group:  4*  4 procs)

 
     Parallelization info
     --------------------
     sticks:   dense  smooth     PW     G-vecs:    dense   smooth      PW
     Min         180     180     53                19282    19282    3087
     Max         181     181     54                19291    19291    3094
     Sum       20217   20217   5957              2160009  2160009  346083
 
     Using Slab Decomposition
 


     bravais-lattice index     =            1
     lattice parameter (alat)  =      20.5685  a.u.
     unit-cell volume          =    8701.8197 (a.u.)^3
     number of atoms/cell      =           64
     number of atomic types    =            3
     number of electrons       =       583.00
     number of Kohn-Sham states=          350
     kinetic-energy cutoff     =     170.0000  Ry
     charge density cutoff     =     600.0000  Ry
     scf convergence threshold =      1.0E-10
     mixing beta               =       0.7000
     number of iterations used =            8  plain     mixing
     Exchange-correlation= SLA  PW   PBX  PBC
                           (   1   4   3   4   0   0   0)

     celldm(1)=  20.568535  celldm(2)=   0.000000  celldm(3)=   0.000000
     celldm(4)=   0.000000  celldm(5)=   0.000000  celldm(6)=   0.000000

     crystal axes: (cart. coord. in units of alat)
               a(1) = (   1.000000   0.000000   0.000000 )  
               a(2) = (   0.000000   1.000000   0.000000 )  
               a(3) = (   0.000000   0.000000   1.000000 )  

     reciprocal axes: (cart. coord. in units 2 pi/alat)
               b(1) = (  1.000000  0.000000  0.000000 )  
               b(2) = (  0.000000  1.000000  0.000000 )  
               b(3) = (  0.000000  0.000000  1.000000 )  


     PseudoPot. # 1 for S  read from file:
     /arf/home/amuhaymin/pseudo/S.pbe-n-kjpaw_psl.1.0.0.UPF
     MD5 check sum: fb45dfebcf3e72a4e1bd4a866ec2e262
     Pseudo is Projector augmented-wave + core cor, Zval =  6.0
     Generated using &quot;atomic&quot; code by A. Dal Corso  v.6.3
     Shape of augmentation charge: PSQ
     Using radial grid of 1151 points,  6 beta functions with: 
                l(1) =   0
                l(2) =   0
                l(3) =   1
                l(4) =   1
                l(5) =   2
                l(6) =   2
     Q(r) pseudized with 0 coefficients 


     PseudoPot. # 2 for Zn read from file:
     /arf/home/amuhaymin/pseudo/Zn.pbe-dnl-kjpaw_psl.1.0.0.UPF
     MD5 check sum: c608214d9520ac179f507641260889e3
     Pseudo is Projector augmented-wave + core cor, Zval = 12.0
     Generated using &quot;atomic&quot; code by A. Dal Corso  v.6.2.2
     Shape of augmentation charge: PSQ
     Using radial grid of 1201 points,  6 beta functions with: 
                l(1) =   0
                l(2) =   0
                l(3) =   1
                l(4) =   1
                l(5) =   2
                l(6) =   2
     Q(r) pseudized with 0 coefficients 


     PseudoPot. # 3 for Cu read from file:
     /arf/home/amuhaymin/pseudo/Cu.pbe-spn-kjpaw_psl.1.0.0.UPF
     MD5 check sum: e7cbaad2f97193e5fe23251a619a52b0
     Pseudo is Projector augmented-wave + core cor, Zval = 19.0
     Generated using &quot;atomic&quot; code by A. Dal Corso  v.6.3
     Shape of augmentation charge: PSQ
     Using radial grid of 1199 points,  6 beta functions with: 
                l(1) =   0
                l(2) =   0
                l(3) =   1
                l(4) =   1
                l(5) =   2
                l(6) =   2
     Q(r) pseudized with 0 coefficients 


     atomic species   valence    mass     pseudopotential
        S              6.00    32.06500     S ( 1.00)
        Zn            12.00    65.38000     Zn( 1.00)
        Cu            19.00    63.54600     Cu( 1.00)

     Starting magnetic structure 
     atomic species   magnetization
        S            0.000
        Zn           0.000
        Cu           0.000

     24 Sym. Ops. (no inversion) found


                                    s                        frac. trans.

      isym =  1     identity                                     

 cryst.   s( 1) = (     1          0          0      )
                  (     0          1          0      )
                  (     0          0          1      )

 cart.    s( 1) = (  1.0000000  0.0000000  0.0000000 )
                  (  0.0000000  1.0000000  0.0000000 )
                  (  0.0000000  0.0000000  1.0000000 )


      isym =  2     180 deg rotation - cart. axis [0,0,1]        

 cryst.   s( 2) = (    -1          0          0      )
                  (     0         -1          0      )
                  (     0          0          1      )

 cart.    s( 2) = ( -1.0000000  0.0000000  0.0000000 )
                  (  0.0000000 -1.0000000  0.0000000 )
                  (  0.0000000  0.0000000  1.0000000 )


      isym =  3     180 deg rotation - cart. axis [0,1,0]        

 cryst.   s( 3) = (    -1          0          0      )
                  (     0          1          0      )
                  (     0          0         -1      )

 cart.    s( 3) = ( -1.0000000  0.0000000  0.0000000 )
                  (  0.0000000  1.0000000  0.0000000 )
                  (  0.0000000  0.0000000 -1.0000000 )


      isym =  4     180 deg rotation - cart. axis [1,0,0]        

 cryst.   s( 4) = (     1          0          0      )
                  (     0         -1          0      )
                  (     0          0         -1      )

 cart.    s( 4) = (  1.0000000  0.0000000  0.0000000 )
                  (  0.0000000 -1.0000000  0.0000000 )
                  (  0.0000000  0.0000000 -1.0000000 )


      isym =  5     120 deg rotation - cart. axis [-1,-1,-1]     

 cryst.   s( 5) = (     0          0          1      )
                  (     1          0          0      )
                  (     0          1          0      )

 cart.    s( 5) = (  0.0000000  1.0000000  0.0000000 )
                  (  0.0000000  0.0000000  1.0000000 )
                  (  1.0000000  0.0000000  0.0000000 )


      isym =  6     120 deg rotation - cart. axis [-1,1,1]       

 cryst.   s( 6) = (     0          0         -1      )
                  (    -1          0          0      )
                  (     0          1          0      )

 cart.    s( 6) = (  0.0000000 -1.0000000  0.0000000 )
                  (  0.0000000  0.0000000  1.0000000 )
                  ( -1.0000000  0.0000000  0.0000000 )


      isym =  7     120 deg rotation - cart. axis [1,1,-1]       

 cryst.   s( 7) = (     0          0         -1      )
                  (     1          0          0      )
                  (     0         -1          0      )

 cart.    s( 7) = (  0.0000000  1.0000000  0.0000000 )
                  (  0.0000000  0.0000000 -1.0000000 )
                  ( -1.0000000  0.0000000  0.0000000 )


      isym =  8     120 deg rotation - cart. axis [1,-1,1]       

 cryst.   s( 8) = (     0          0          1      )
                  (    -1          0          0      )
                  (     0         -1          0      )

 cart.    s( 8) = (  0.0000000 -1.0000000  0.0000000 )
                  (  0.0000000  0.0000000 -1.0000000 )
                  (  1.0000000  0.0000000  0.0000000 )


      isym =  9     120 deg rotation - cart. axis [1,1,1]        

 cryst.   s( 9) = (     0          1          0      )
                  (     0          0          1      )
                  (     1          0          0      )

 cart.    s( 9) = (  0.0000000  0.0000000  1.0000000 )
                  (  1.0000000  0.0000000  0.0000000 )
                  (  0.0000000  1.0000000  0.0000000 )


      isym = 10     120 deg rotation - cart. axis [-1,1,-1]      

 cryst.   s(10) = (     0         -1          0      )
                  (     0          0         -1      )
                  (     1          0          0      )

 cart.    s(10) = (  0.0000000  0.0000000  1.0000000 )
                  ( -1.0000000  0.0000000  0.0000000 )
                  (  0.0000000 -1.0000000  0.0000000 )


      isym = 11     120 deg rotation - cart. axis [1,-1,-1]      

 cryst.   s(11) = (     0         -1          0      )
                  (     0          0          1      )
                  (    -1          0          0      )

 cart.    s(11) = (  0.0000000  0.0000000 -1.0000000 )
                  ( -1.0000000  0.0000000  0.0000000 )
                  (  0.0000000  1.0000000  0.0000000 )


      isym = 12     120 deg rotation - cart. axis [-1,-1,1]      

 cryst.   s(12) = (     0          1          0      )
                  (     0          0         -1      )
                  (    -1          0          0      )

 cart.    s(12) = (  0.0000000  0.0000000 -1.0000000 )
                  (  1.0000000  0.0000000  0.0000000 )
                  (  0.0000000 -1.0000000  0.0000000 )


      isym = 13     inv. 180 deg rotation - cart. axis [1,1,0]   

 cryst.   s(13) = (     0         -1          0      )
                  (    -1          0          0      )
                  (     0          0          1      )

 cart.    s(13) = (  0.0000000 -1.0000000  0.0000000 )
                  ( -1.0000000  0.0000000  0.0000000 )
                  (  0.0000000  0.0000000  1.0000000 )


      isym = 14     inv. 180 deg rotation - cart. axis [1,-1,0]  

 cryst.   s(14) = (     0          1          0      )
                  (     1          0          0      )
                  (     0          0          1      )

 cart.    s(14) = (  0.0000000  1.0000000  0.0000000 )
                  (  1.0000000  0.0000000  0.0000000 )
                  (  0.0000000  0.0000000  1.0000000 )


      isym = 15     inv.  90 deg rotation - cart. axis [0,0,-1]  

 cryst.   s(15) = (     0          1          0      )
                  (    -1          0          0      )
                  (     0          0         -1      )

 cart.    s(15) = (  0.0000000 -1.0000000  0.0000000 )
                  (  1.0000000  0.0000000  0.0000000 )
                  (  0.0000000  0.0000000 -1.0000000 )


      isym = 16     inv.  90 deg rotation - cart. axis [0,0,1]   

 cryst.   s(16) = (     0         -1          0      )
                  (     1          0          0      )
                  (     0          0         -1      )

 cart.    s(16) = (  0.0000000  1.0000000  0.0000000 )
                  ( -1.0000000  0.0000000  0.0000000 )
                  (  0.0000000  0.0000000 -1.0000000 )


      isym = 17     inv. 180 deg rotation - cart. axis [1,0,1]   

 cryst.   s(17) = (     0          0         -1      )
                  (     0          1          0      )
                  (    -1          0          0      )

 cart.    s(17) = (  0.0000000  0.0000000 -1.0000000 )
                  (  0.0000000  1.0000000  0.0000000 )
                  ( -1.0000000  0.0000000  0.0000000 )


      isym = 18     inv. 180 deg rotation - cart. axis [-1,0,1]  

 cryst.   s(18) = (     0          0          1      )
                  (     0          1          0      )
                  (     1          0          0      )

 cart.    s(18) = (  0.0000000  0.0000000  1.0000000 )
                  (  0.0000000  1.0000000  0.0000000 )
                  (  1.0000000  0.0000000  0.0000000 )


      isym = 19     inv.  90 deg rotation - cart. axis [0,1,0]   

 cryst.   s(19) = (     0          0          1      )
                  (     0         -1          0      )
                  (    -1          0          0      )

 cart.    s(19) = (  0.0000000  0.0000000 -1.0000000 )
                  (  0.0000000 -1.0000000  0.0000000 )
                  (  1.0000000  0.0000000  0.0000000 )


      isym = 20     inv.  90 deg rotation - cart. axis [0,-1,0]  

 cryst.   s(20) = (     0          0         -1      )
                  (     0         -1          0      )
                  (     1          0          0      )

 cart.    s(20) = (  0.0000000  0.0000000  1.0000000 )
                  (  0.0000000 -1.0000000  0.0000000 )
                  ( -1.0000000  0.0000000  0.0000000 )


      isym = 21     inv. 180 deg rotation - cart. axis [0,1,1]   

 cryst.   s(21) = (     1          0          0      )
                  (     0          0         -1      )
                  (     0         -1          0      )

 cart.    s(21) = (  1.0000000  0.0000000  0.0000000 )
                  (  0.0000000  0.0000000 -1.0000000 )
                  (  0.0000000 -1.0000000  0.0000000 )


      isym = 22     inv. 180 deg rotation - cart. axis [0,1,-1]  

 cryst.   s(22) = (     1          0          0      )
                  (     0          0          1      )
                  (     0          1          0      )

 cart.    s(22) = (  1.0000000  0.0000000  0.0000000 )
                  (  0.0000000  0.0000000  1.0000000 )
                  (  0.0000000  1.0000000  0.0000000 )


      isym = 23     inv.  90 deg rotation - cart. axis [-1,0,0]  

 cryst.   s(23) = (    -1          0          0      )
                  (     0          0          1      )
                  (     0         -1          0      )

 cart.    s(23) = ( -1.0000000  0.0000000  0.0000000 )
                  (  0.0000000  0.0000000 -1.0000000 )
                  (  0.0000000  1.0000000  0.0000000 )


      isym = 24     inv.  90 deg rotation - cart. axis [1,0,0]   

 cryst.   s(24) = (    -1          0          0      )
                  (     0          0         -1      )
                  (     0          1          0      )

 cart.    s(24) = ( -1.0000000  0.0000000  0.0000000 )
                  (  0.0000000  0.0000000  1.0000000 )
                  (  0.0000000 -1.0000000  0.0000000 )


     point group T_d (-43m) 
     there are  5 classes
     the character table:

       E     8C3   3C2   6S4   6s_d 
A_1    1.00  1.00  1.00  1.00  1.00
A_2    1.00  1.00  1.00 -1.00 -1.00
E      2.00 -1.00  2.00  0.00  0.00
T_1    3.00  0.00 -1.00  1.00 -1.00
T_2    3.00  0.00 -1.00 -1.00  1.00

     the symmetry operations in each class and the name of the first element:

     E        1
          identity                                               
     8C3      5    7    8    6   12    9   10   11
          120 deg rotation - cart. axis [-1,-1,-1]               
     3C2      2    3    4
          180 deg rotation - cart. axis [0,0,1]                  
     6S4     15   16   20   19   23   24
          inv.  90 deg rotation - cart. axis [0,0,-1]            
     6s_d    13   14   17   18   21   22
          inv. 180 deg rotation - cart. axis [1,1,0]             

   Cartesian axes

     site n.     atom                  positions (alat units)
         1           Zn  tau(   1) = (   0.0000000   0.0000000   0.0000000  )
         2           Zn  tau(   2) = (   0.0000938   0.2502129   0.2502129  )
         3           Zn  tau(   3) = (   0.2502129   0.0000938   0.2502129  )
         4           Zn  tau(   4) = (   0.2502129   0.2502129   0.0000938  )
         5           S   tau(   5) = (   0.1252922   0.3751011   0.3751011  )
         6           S   tau(   6) = (   0.1250350   0.1250350   0.1250350  )
         7           S   tau(   7) = (   0.3751011   0.3751011   0.1252922  )
         8           S   tau(   8) = (   0.3751011   0.1252922   0.3751011  )
         9           Zn  tau(   9) = (   0.0000000   0.0000000   0.5000000  )
        10           Zn  tau(  10) = (  -0.0000938   0.2502129   0.7497871  )
        11           Zn  tau(  11) = (   0.2502129  -0.0000938   0.7497871  )
        12           Zn  tau(  12) = (   0.2513433   0.2513433   0.5008896  )
        13           S   tau(  13) = (   0.1251836   0.3750824   0.8748164  )
        14           S   tau(  14) = (   0.1251836   0.1251836   0.6249176  )
        15           S   tau(  15) = (   0.3769433   0.3769433   0.6230567  )
        16           S   tau(  16) = (   0.3750824   0.1251836   0.8748164  )
        17           Zn  tau(  17) = (   0.0000000   0.5000000   0.0000000  )
        18           Zn  tau(  18) = (  -0.0000938   0.7497871   0.2502129  )
        19           Zn  tau(  19) = (   0.2513433   0.5008896   0.2513433  )
        20           Zn  tau(  20) = (   0.2502129   0.7497871  -0.0000938  )
        21           S   tau(  21) = (   0.1251836   0.8748164   0.3750824  )
        22           S   tau(  22) = (   0.1251836   0.6249176   0.1251836  )
        23           S   tau(  23) = (   0.3750824   0.8748164   0.1251836  )
        24           S   tau(  24) = (   0.3769433   0.6230567   0.3769433  )
        25           Zn  tau(  25) = (   0.0000000   0.5000000   0.5000000  )
        26           Zn  tau(  26) = (   0.0000938   0.7497871   0.7497871  )
        27           Zn  tau(  27) = (   0.2513433   0.4991104   0.7486567  )
        28           Zn  tau(  28) = (   0.2513433   0.7486567   0.4991104  )
        29           S   tau(  29) = (   0.1250350   0.8749650   0.8749650  )
        30           S   tau(  30) = (   0.1252922   0.6248989   0.6248989  )
        31           S   tau(  31) = (   0.3751011   0.8747078   0.6248989  )
        32           S   tau(  32) = (   0.3751011   0.6248989   0.8747078  )
        33           Zn  tau(  33) = (   0.5000000   0.0000000   0.0000000  )
        34           Zn  tau(  34) = (   0.5008896   0.2513433   0.2513433  )
        35           Zn  tau(  35) = (   0.7497871  -0.0000938   0.2502129  )
        36           Zn  tau(  36) = (   0.7497871   0.2502129  -0.0000938  )
        37           S   tau(  37) = (   0.6230567   0.3769433   0.3769433  )
        38           S   tau(  38) = (   0.6249176   0.1251836   0.1251836  )
        39           S   tau(  39) = (   0.8748164   0.3750824   0.1251836  )
        40           S   tau(  40) = (   0.8748164   0.1251836   0.3750824  )
        41           Zn  tau(  41) = (   0.5000000   0.0000000   0.5000000  )
        42           Zn  tau(  42) = (   0.4991104   0.2513433   0.7486567  )
        43           Zn  tau(  43) = (   0.7497871   0.0000938   0.7497871  )
        44           Zn  tau(  44) = (   0.7486567   0.2513433   0.4991104  )
        45           S   tau(  45) = (   0.6248989   0.3751011   0.8747078  )
        46           S   tau(  46) = (   0.6248989   0.1252922   0.6248989  )
        47           S   tau(  47) = (   0.8747078   0.3751011   0.6248989  )
        48           S   tau(  48) = (   0.8749650   0.1250350   0.8749650  )
        49           Zn  tau(  49) = (   0.5000000   0.5000000   0.0000000  )
        50           Zn  tau(  50) = (   0.4991104   0.7486567   0.2513433  )
        51           Zn  tau(  51) = (   0.7486567   0.4991104   0.2513433  )
        52           Zn  tau(  52) = (   0.7497871   0.7497871   0.0000938  )
        53           S   tau(  53) = (   0.6248989   0.8747078   0.3751011  )
        54           S   tau(  54) = (   0.6248989   0.6248989   0.1252922  )
        55           S   tau(  55) = (   0.8749650   0.8749650   0.1250350  )
        56           S   tau(  56) = (   0.8747078   0.6248989   0.3751011  )
        57           Cu  tau(  57) = (   0.5000000   0.5000000   0.5000000  )
        58           Zn  tau(  58) = (   0.5008896   0.7486567   0.7486567  )
        59           Zn  tau(  59) = (   0.7486567   0.5008896   0.7486567  )
        60           Zn  tau(  60) = (   0.7486567   0.7486567   0.5008896  )
        61           S   tau(  61) = (   0.6249176   0.8748164   0.8748164  )
        62           S   tau(  62) = (   0.6230567   0.6230567   0.6230567  )
        63           S   tau(  63) = (   0.8748164   0.8748164   0.6249176  )
        64           S   tau(  64) = (   0.8748164   0.6249176   0.8748164  )

   Crystallographic axes

     site n.     atom                  positions (cryst. coord.)
         1           Zn  tau(   1) = (  0.0000000  0.0000000  0.0000000  )
         2           Zn  tau(   2) = (  0.0000938  0.2502129  0.2502129  )
         3           Zn  tau(   3) = (  0.2502129  0.0000938  0.2502129  )
         4           Zn  tau(   4) = (  0.2502129  0.2502129  0.0000938  )
         5           S   tau(   5) = (  0.1252922  0.3751011  0.3751011  )
         6           S   tau(   6) = (  0.1250350  0.1250350  0.1250350  )
         7           S   tau(   7) = (  0.3751011  0.3751011  0.1252922  )
         8           S   tau(   8) = (  0.3751011  0.1252922  0.3751011  )
         9           Zn  tau(   9) = (  0.0000000  0.0000000  0.5000000  )
        10           Zn  tau(  10) = ( -0.0000938  0.2502129  0.7497871  )
        11           Zn  tau(  11) = (  0.2502129 -0.0000938  0.7497871  )
        12           Zn  tau(  12) = (  0.2513433  0.2513433  0.5008896  )
        13           S   tau(  13) = (  0.1251836  0.3750824  0.8748164  )
        14           S   tau(  14) = (  0.1251836  0.1251836  0.6249176  )
        15           S   tau(  15) = (  0.3769433  0.3769433  0.6230567  )
        16           S   tau(  16) = (  0.3750824  0.1251836  0.8748164  )
        17           Zn  tau(  17) = (  0.0000000  0.5000000  0.0000000  )
        18           Zn  tau(  18) = ( -0.0000938  0.7497871  0.2502129  )
        19           Zn  tau(  19) = (  0.2513433  0.5008896  0.2513433  )
        20           Zn  tau(  20) = (  0.2502129  0.7497871 -0.0000938  )
        21           S   tau(  21) = (  0.1251836  0.8748164  0.3750824  )
        22           S   tau(  22) = (  0.1251836  0.6249176  0.1251836  )
        23           S   tau(  23) = (  0.3750824  0.8748164  0.1251836  )
        24           S   tau(  24) = (  0.3769433  0.6230567  0.3769433  )
        25           Zn  tau(  25) = (  0.0000000  0.5000000  0.5000000  )
        26           Zn  tau(  26) = (  0.0000938  0.7497871  0.7497871  )
        27           Zn  tau(  27) = (  0.2513433  0.4991104  0.7486567  )
        28           Zn  tau(  28) = (  0.2513433  0.7486567  0.4991104  )
        29           S   tau(  29) = (  0.1250350  0.8749650  0.8749650  )
        30           S   tau(  30) = (  0.1252922  0.6248989  0.6248989  )
        31           S   tau(  31) = (  0.3751011  0.8747078  0.6248989  )
        32           S   tau(  32) = (  0.3751011  0.6248989  0.8747078  )
        33           Zn  tau(  33) = (  0.5000000  0.0000000  0.0000000  )
        34           Zn  tau(  34) = (  0.5008896  0.2513433  0.2513433  )
        35           Zn  tau(  35) = (  0.7497871 -0.0000938  0.2502129  )
        36           Zn  tau(  36) = (  0.7497871  0.2502129 -0.0000938  )
        37           S   tau(  37) = (  0.6230567  0.3769433  0.3769433  )
        38           S   tau(  38) = (  0.6249176  0.1251836  0.1251836  )
        39           S   tau(  39) = (  0.8748164  0.3750824  0.1251836  )
        40           S   tau(  40) = (  0.8748164  0.1251836  0.3750824  )
        41           Zn  tau(  41) = (  0.5000000  0.0000000  0.5000000  )
        42           Zn  tau(  42) = (  0.4991104  0.2513433  0.7486567  )
        43           Zn  tau(  43) = (  0.7497871  0.0000938  0.7497871  )
        44           Zn  tau(  44) = (  0.7486567  0.2513433  0.4991104  )
        45           S   tau(  45) = (  0.6248989  0.3751011  0.8747078  )
        46           S   tau(  46) = (  0.6248989  0.1252922  0.6248989  )
        47           S   tau(  47) = (  0.8747078  0.3751011  0.6248989  )
        48           S   tau(  48) = (  0.8749650  0.1250350  0.8749650  )
        49           Zn  tau(  49) = (  0.5000000  0.5000000  0.0000000  )
        50           Zn  tau(  50) = (  0.4991104  0.7486567  0.2513433  )
        51           Zn  tau(  51) = (  0.7486567  0.4991104  0.2513433  )
        52           Zn  tau(  52) = (  0.7497871  0.7497871  0.0000938  )
        53           S   tau(  53) = (  0.6248989  0.8747078  0.3751011  )
        54           S   tau(  54) = (  0.6248989  0.6248989  0.1252922  )
        55           S   tau(  55) = (  0.8749650  0.8749650  0.1250350  )
        56           S   tau(  56) = (  0.8747078  0.6248989  0.3751011  )
        57           Cu  tau(  57) = (  0.5000000  0.5000000  0.5000000  )
        58           Zn  tau(  58) = (  0.5008896  0.7486567  0.7486567  )
        59           Zn  tau(  59) = (  0.7486567  0.5008896  0.7486567  )
        60           Zn  tau(  60) = (  0.7486567  0.7486567  0.5008896  )
        61           S   tau(  61) = (  0.6249176  0.8748164  0.8748164  )
        62           S   tau(  62) = (  0.6230567  0.6230567  0.6230567  )
        63           S   tau(  63) = (  0.8748164  0.8748164  0.6249176  )
        64           S   tau(  64) = (  0.8748164  0.6249176  0.8748164  )

     number of k points=    10  Gaussian smearing, width (Ry)=  0.0010
                       cart. coord. in units 2pi/alat
        k(    1) = (   0.0000000   0.0000000   0.0000000), wk =   0.0156250
        k(    2) = (   0.0000000   0.0000000   0.2500000), wk =   0.0937500
        k(    3) = (   0.0000000   0.0000000  -0.5000000), wk =   0.0468750
        k(    4) = (   0.0000000   0.2500000   0.2500000), wk =   0.1875000
        k(    5) = (   0.0000000   0.2500000  -0.5000000), wk =   0.1875000
        k(    6) = (   0.0000000  -0.5000000  -0.5000000), wk =   0.0468750
        k(    7) = (   0.2500000   0.2500000   0.2500000), wk =   0.1250000
        k(    8) = (   0.2500000   0.2500000  -0.5000000), wk =   0.1875000
        k(    9) = (   0.2500000  -0.5000000  -0.5000000), wk =   0.0937500
        k(   10) = (  -0.5000000  -0.5000000  -0.5000000), wk =   0.0156250

                       cryst. coord.
        k(    1) = (   0.0000000   0.0000000   0.0000000), wk =   0.0156250
        k(    2) = (   0.0000000   0.0000000   0.2500000), wk =   0.0937500
        k(    3) = (   0.0000000   0.0000000  -0.5000000), wk =   0.0468750
        k(    4) = (   0.0000000   0.2500000   0.2500000), wk =   0.1875000
        k(    5) = (   0.0000000   0.2500000  -0.5000000), wk =   0.1875000
        k(    6) = (   0.0000000  -0.5000000  -0.5000000), wk =   0.0468750
        k(    7) = (   0.2500000   0.2500000   0.2500000), wk =   0.1250000
        k(    8) = (   0.2500000   0.2500000  -0.5000000), wk =   0.1875000
        k(    9) = (   0.2500000  -0.5000000  -0.5000000), wk =   0.0937500
        k(   10) = (  -0.5000000  -0.5000000  -0.5000000), wk =   0.0156250

     Dense  grid:  2160009 G-vectors     FFT dimensions: ( 162, 162, 162)

     Dynamical RAM for                 wfc:      15.53 MB

     Dynamical RAM for     wfc (w. buffer):      46.59 MB

     Dynamical RAM for           str. fact:       0.88 MB

     Dynamical RAM for           local pot:       0.00 MB

     Dynamical RAM for          nlocal pot:      51.12 MB

     Dynamical RAM for                qrad:       5.90 MB

     Dynamical RAM for          rho,v,vnew:       4.17 MB

     Dynamical RAM for               rhoin:       1.39 MB

     Dynamical RAM for            rho*nmix:       9.42 MB

     Dynamical RAM for           G-vectors:       1.25 MB

     Dynamical RAM for          h,s,v(r/c):       1.40 MB

     Dynamical RAM for          <psi|beta>:       6.15 MB

     Dynamical RAM for                 psi:      31.06 MB

     Dynamical RAM for                hpsi:      31.06 MB

     Dynamical RAM for                spsi:      31.06 MB

     Dynamical RAM for      wfcinit/wfcrot:      40.99 MB

     Dynamical RAM for           addusdens:       6.97 MB

     Estimated static dynamical RAM per process >     114.87 MB

     Estimated max dynamical RAM per process >     225.03 MB

     Estimated total dynamical RAM >     236.85 GB
     Generating pointlists ...
     new r_m :   0.0879 (alat units)  1.8084 (a.u.) for type    1
     new r_m :   0.0889 (alat units)  1.8291 (a.u.) for type    2
     new r_m :   0.0879 (alat units)  1.8084 (a.u.) for type    3

     Initial potential from superposition of free atoms

     starting charge     582.8832, renormalised to     583.0000
     Starting wfcs are  417 randomized atomic wfcs
     Checking if some PAW data can be deallocated... 
       PAW data deallocated on  560 nodes for type:  1
       PAW data deallocated on  577 nodes for type:  2
       PAW data deallocated on 1103 nodes for type:  3

     total cpu time spent up to now is       11.4 secs

     Self-consistent Calculation

     iteration #  1     ecut=   170.00 Ry     beta= 0.70
     Davidson diagonalization with overlap

---- Real-time Memory Report at c_bands before calling an iterative solver
          1286 MiB given to the printing process from OS
             0 MiB allocation reported by mallinfo(arena+hblkhd)
        205697 MiB available memory on the node where the printing process lives
------------------
     ethr =  1.00E-02,  avg # of iterations =  4.8

     Threshold (ethr) on eigenvalues was too large:
     Diagonalizing with lowered threshold

     Davidson diagonalization with overlap

---- Real-time Memory Report at c_bands before calling an iterative solver
          1457 MiB given to the printing process from OS
             0 MiB allocation reported by mallinfo(arena+hblkhd)
        201642 MiB available memory on the node where the printing process lives
------------------
     ethr =  5.78E-04,  avg # of iterations =  2.0

     total cpu time spent up to now is       34.9 secs

     total energy              =  -10165.59577538 Ry
     estimated scf accuracy    <       3.40926212 Ry

     total magnetization       =     0.39 Bohr mag/cell
     absolute magnetization    =     0.42 Bohr mag/cell

     iteration #  2     ecut=   170.00 Ry     beta= 0.70
     Davidson diagonalization with overlap

---- Real-time Memory Report at c_bands before calling an iterative solver
          1482 MiB given to the printing process from OS
             0 MiB allocation reported by mallinfo(arena+hblkhd)
        201500 MiB available memory on the node where the printing process lives
------------------
     ethr =  5.85E-04,  avg # of iterations =  6.5

     total cpu time spent up to now is       50.1 secs

     total energy              =  -10166.21359906 Ry
     estimated scf accuracy    <       9.18101882 Ry

     total magnetization       =     0.00 Bohr mag/cell
     absolute magnetization    =     0.04 Bohr mag/cell

     iteration #  3     ecut=   170.00 Ry     beta= 0.70
     Davidson diagonalization with overlap

---- Real-time Memory Report at c_bands before calling an iterative solver
          1505 MiB given to the printing process from OS
             0 MiB allocation reported by mallinfo(arena+hblkhd)
        201143 MiB available memory on the node where the printing process lives
------------------
     ethr =  5.85E-04,  avg # of iterations =  5.5

     total cpu time spent up to now is       61.5 secs

     total energy              =  -10167.29380274 Ry
     estimated scf accuracy    <       0.37515267 Ry

     total magnetization       =     0.64 Bohr mag/cell
     absolute magnetization    =     0.64 Bohr mag/cell

     iteration #  4     ecut=   170.00 Ry     beta= 0.70
     Davidson diagonalization with overlap

---- Real-time Memory Report at c_bands before calling an iterative solver
          1523 MiB given to the printing process from OS
             0 MiB allocation reported by mallinfo(arena+hblkhd)
        200926 MiB available memory on the node where the printing process lives
------------------
     ethr =  6.43E-05,  avg # of iterations = 14.9

     total cpu time spent up to now is       77.8 secs

     total energy              =  -10167.33277766 Ry
     estimated scf accuracy    <       0.38550529 Ry

     total magnetization       =     0.13 Bohr mag/cell
     absolute magnetization    =     0.15 Bohr mag/cell

     iteration #  5     ecut=   170.00 Ry     beta= 0.70
     Davidson diagonalization with overlap

---- Real-time Memory Report at c_bands before calling an iterative solver
          1538 MiB given to the printing process from OS
             0 MiB allocation reported by mallinfo(arena+hblkhd)
        200665 MiB available memory on the node where the printing process lives
------------------
     ethr =  6.43E-05,  avg # of iterations =  8.9

     total cpu time spent up to now is       91.9 secs

     total energy              =  -10167.38610315 Ry
     estimated scf accuracy    <       0.14197689 Ry

     total magnetization       =     1.00 Bohr mag/cell
     absolute magnetization    =     1.00 Bohr mag/cell

     iteration #  6     ecut=   170.00 Ry     beta= 0.70
     Davidson diagonalization with overlap

---- Real-time Memory Report at c_bands before calling an iterative solver
          1547 MiB given to the printing process from OS
             0 MiB allocation reported by mallinfo(arena+hblkhd)
        200474 MiB available memory on the node where the printing process lives
------------------
     ethr =  2.44E-05,  avg # of iterations =  3.3
